// Jest Snapshot v1, https://goo.gl/fbAQLP

exports[`api-navigation 1`] = `
Array [
  Object {
    "path": "/maplibre-gl-js-docs/api/",
    "subnav": Array [
      Object {
        "path": "quickstart",
        "title": "Quickstart",
      },
      Object {
        "path": "reading-this-documentation",
        "title": "Reading this documentation",
      },
      Object {
        "path": "csp-directives",
        "title": "CSP Directives",
      },
      Object {
        "path": "referrer-policies",
        "title": "Referrer Policies",
      },
      Object {
        "path": "maplibre-css",
        "title": "MapLibre CSS",
      },
    ],
    "title": "Introduction",
  },
  Object {
    "path": "/maplibre-gl-js-docs/api/map/",
    "subnav": Array [
      Object {
        "level": 2,
        "slug": "map-parameters",
        "text": "Parameters",
      },
      Object {
        "level": 2,
        "slug": "map-example",
        "text": "Example",
      },
      Object {
        "level": 2,
        "slug": "map-instance-members",
        "text": "Instance members",
      },
      Object {
        "level": 2,
        "slug": "map-events",
        "text": "Events",
      },
      Object {
        "level": 2,
        "slug": "map-related",
        "text": "Related",
      },
    ],
    "title": "Map",
  },
  Object {
    "path": "/maplibre-gl-js-docs/api/properties/",
    "subnav": Array [
      Object {
        "level": 2,
        "slug": "workercount",
        "text": "workerCount",
      },
      Object {
        "level": 3,
        "slug": "workercount-returns",
        "text": "Returns",
      },
      Object {
        "level": 3,
        "slug": "workercount-example",
        "text": "Example",
      },
      Object {
        "level": 2,
        "slug": "maxparallelimagerequests",
        "text": "maxParallelImageRequests",
      },
      Object {
        "level": 3,
        "slug": "maxparallelimagerequests-returns",
        "text": "Returns",
      },
      Object {
        "level": 3,
        "slug": "maxparallelimagerequests-example",
        "text": "Example",
      },
      Object {
        "level": 2,
        "slug": "supported",
        "text": "supported",
      },
      Object {
        "level": 3,
        "slug": "supported-parameters",
        "text": "Parameters",
      },
      Object {
        "level": 3,
        "slug": "supported-returns",
        "text": "Returns",
      },
      Object {
        "level": 3,
        "slug": "supported-example",
        "text": "Example",
      },
      Object {
        "level": 3,
        "slug": "supported-related",
        "text": "Related",
      },
      Object {
        "level": 2,
        "slug": "setrtltextplugin",
        "text": "setRTLTextPlugin",
      },
      Object {
        "level": 3,
        "slug": "setrtltextplugin-parameters",
        "text": "Parameters",
      },
      Object {
        "level": 3,
        "slug": "setrtltextplugin-example",
        "text": "Example",
      },
      Object {
        "level": 3,
        "slug": "setrtltextplugin-related",
        "text": "Related",
      },
      Object {
        "level": 2,
        "slug": "getrtltextpluginstatus",
        "text": "getRTLTextPluginStatus",
      },
      Object {
        "level": 3,
        "slug": "getrtltextpluginstatus-example",
        "text": "Example",
      },
      Object {
        "level": 2,
        "slug": "clearstorage",
        "text": "clearStorage",
      },
      Object {
        "level": 3,
        "slug": "clearstorage-parameters",
        "text": "Parameters",
      },
      Object {
        "level": 3,
        "slug": "clearstorage-example",
        "text": "Example",
      },
      Object {
        "level": 2,
        "slug": "addprotocol",
        "text": "addProtocol",
      },
      Object {
        "level": 3,
        "slug": "addprotocol-parameters",
        "text": "Parameters",
      },
      Object {
        "level": 3,
        "slug": "addprotocol-example",
        "text": "Example",
      },
      Object {
        "level": 2,
        "slug": "removeprotocol",
        "text": "removeProtocol",
      },
      Object {
        "level": 3,
        "slug": "removeprotocol-parameters",
        "text": "Parameters",
      },
      Object {
        "level": 3,
        "slug": "removeprotocol-example",
        "text": "Example",
      },
      Object {
        "level": 2,
        "slug": "animationoptions",
        "text": "AnimationOptions",
      },
      Object {
        "level": 3,
        "path": "animationoptions-properties",
        "text": "Properties",
      },
      Object {
        "level": 2,
        "slug": "cameraoptions",
        "text": "CameraOptions",
      },
      Object {
        "level": 3,
        "path": "cameraoptions-properties",
        "text": "Properties",
      },
      Object {
        "level": 3,
        "slug": "cameraoptions-example",
        "text": "Example",
      },
      Object {
        "level": 3,
        "slug": "cameraoptions-related",
        "text": "Related",
      },
      Object {
        "level": 2,
        "slug": "paddingoptions",
        "text": "PaddingOptions",
      },
      Object {
        "level": 3,
        "path": "paddingoptions-properties",
        "text": "Properties",
      },
      Object {
        "level": 3,
        "slug": "paddingoptions-example",
        "text": "Example",
      },
      Object {
        "level": 3,
        "slug": "paddingoptions-static-members",
        "text": "Static members",
      },
      Object {
        "level": 3,
        "slug": "paddingoptions-related",
        "text": "Related",
      },
      Object {
        "level": 2,
        "slug": "requestparameters",
        "text": "RequestParameters",
      },
      Object {
        "level": 3,
        "path": "requestparameters-properties",
        "text": "Properties",
      },
      Object {
        "level": 3,
        "slug": "requestparameters-example",
        "text": "Example",
      },
      Object {
        "level": 2,
        "slug": "styleimageinterface",
        "text": "StyleImageInterface",
      },
      Object {
        "level": 3,
        "slug": "styleimageinterface-example",
        "text": "Example",
      },
      Object {
        "level": 3,
        "slug": "styleimageinterface-instance-members",
        "text": "Instance members",
      },
      Object {
        "level": 3,
        "slug": "styleimageinterface-related",
        "text": "Related",
      },
      Object {
        "level": 2,
        "slug": "customlayerinterface",
        "text": "CustomLayerInterface",
      },
      Object {
        "level": 3,
        "slug": "customlayerinterface-example",
        "text": "Example",
      },
      Object {
        "level": 3,
        "slug": "customlayerinterface-instance-members",
        "text": "Instance members",
      },
      Object {
        "level": 2,
        "slug": "prewarm",
        "text": "prewarm",
      },
      Object {
        "level": 3,
        "slug": "prewarm-example",
        "text": "Example",
      },
      Object {
        "level": 2,
        "slug": "clearprewarmedresources",
        "text": "clearPrewarmedResources",
      },
      Object {
        "level": 3,
        "slug": "clearprewarmedresources-example",
        "text": "Example",
      },
    ],
    "title": "Properties and options",
  },
  Object {
    "path": "/maplibre-gl-js-docs/api/markers/",
    "subnav": Array [
      Object {
        "level": 2,
        "slug": "marker",
        "text": "Marker",
      },
      Object {
        "level": 3,
        "slug": "marker-parameters",
        "text": "Parameters",
      },
      Object {
        "level": 3,
        "slug": "marker-example",
        "text": "Example",
      },
      Object {
        "level": 3,
        "slug": "marker-instance-members",
        "text": "Instance members",
      },
      Object {
        "level": 3,
        "slug": "marker-events",
        "text": "Events",
      },
      Object {
        "level": 3,
        "slug": "marker-related",
        "text": "Related",
      },
      Object {
        "level": 2,
        "slug": "popup",
        "text": "Popup",
      },
      Object {
        "level": 3,
        "slug": "popup-parameters",
        "text": "Parameters",
      },
      Object {
        "level": 3,
        "slug": "popup-example",
        "text": "Example",
      },
      Object {
        "level": 3,
        "slug": "popup-instance-members",
        "text": "Instance members",
      },
      Object {
        "level": 3,
        "slug": "popup-events",
        "text": "Events",
      },
      Object {
        "level": 3,
        "slug": "popup-related",
        "text": "Related",
      },
      Object {
        "level": 2,
        "slug": "icontrol",
        "text": "IControl",
      },
      Object {
        "level": 3,
        "slug": "icontrol-example",
        "text": "Example",
      },
      Object {
        "level": 3,
        "slug": "icontrol-instance-members",
        "text": "Instance members",
      },
      Object {
        "level": 2,
        "slug": "navigationcontrol",
        "text": "NavigationControl",
      },
      Object {
        "level": 3,
        "slug": "navigationcontrol-parameters",
        "text": "Parameters",
      },
      Object {
        "level": 3,
        "slug": "navigationcontrol-example",
        "text": "Example",
      },
      Object {
        "level": 3,
        "slug": "navigationcontrol-related",
        "text": "Related",
      },
      Object {
        "level": 2,
        "slug": "geolocatecontrol",
        "text": "GeolocateControl",
      },
      Object {
        "level": 3,
        "slug": "geolocatecontrol-parameters",
        "text": "Parameters",
      },
      Object {
        "level": 3,
        "slug": "geolocatecontrol-example",
        "text": "Example",
      },
      Object {
        "level": 3,
        "slug": "geolocatecontrol-instance-members",
        "text": "Instance members",
      },
      Object {
        "level": 3,
        "slug": "geolocatecontrol-events",
        "text": "Events",
      },
      Object {
        "level": 3,
        "slug": "geolocatecontrol-related",
        "text": "Related",
      },
      Object {
        "level": 2,
        "slug": "attributioncontrol",
        "text": "AttributionControl",
      },
      Object {
        "level": 3,
        "slug": "attributioncontrol-parameters",
        "text": "Parameters",
      },
      Object {
        "level": 3,
        "slug": "attributioncontrol-example",
        "text": "Example",
      },
      Object {
        "level": 2,
        "slug": "scalecontrol",
        "text": "ScaleControl",
      },
      Object {
        "level": 3,
        "slug": "scalecontrol-parameters",
        "text": "Parameters",
      },
      Object {
        "level": 3,
        "slug": "scalecontrol-example",
        "text": "Example",
      },
      Object {
        "level": 3,
        "slug": "scalecontrol-instance-members",
        "text": "Instance members",
      },
      Object {
        "level": 2,
        "slug": "fullscreencontrol",
        "text": "FullscreenControl",
      },
      Object {
        "level": 3,
        "slug": "fullscreencontrol-parameters",
        "text": "Parameters",
      },
      Object {
        "level": 3,
        "slug": "fullscreencontrol-example",
        "text": "Example",
      },
      Object {
        "level": 3,
        "slug": "fullscreencontrol-related",
        "text": "Related",
      },
    ],
    "title": "Markers and controls",
  },
  Object {
    "path": "/maplibre-gl-js-docs/api/geography/",
    "subnav": Array [
      Object {
        "level": 2,
        "slug": "lnglat",
        "text": "LngLat",
      },
      Object {
        "level": 3,
        "slug": "lnglat-parameters",
        "text": "Parameters",
      },
      Object {
        "level": 3,
        "slug": "lnglat-example",
        "text": "Example",
      },
      Object {
        "level": 3,
        "slug": "lnglat-static-members",
        "text": "Static members",
      },
      Object {
        "level": 3,
        "slug": "lnglat-instance-members",
        "text": "Instance members",
      },
      Object {
        "level": 3,
        "slug": "lnglat-related",
        "text": "Related",
      },
      Object {
        "level": 2,
        "slug": "lnglatlike",
        "text": "LngLatLike",
      },
      Object {
        "level": 3,
        "slug": "lnglatlike-example",
        "text": "Example",
      },
      Object {
        "level": 2,
        "slug": "lnglatbounds",
        "text": "LngLatBounds",
      },
      Object {
        "level": 3,
        "slug": "lnglatbounds-parameters",
        "text": "Parameters",
      },
      Object {
        "level": 3,
        "slug": "lnglatbounds-example",
        "text": "Example",
      },
      Object {
        "level": 3,
        "slug": "lnglatbounds-static-members",
        "text": "Static members",
      },
      Object {
        "level": 3,
        "slug": "lnglatbounds-instance-members",
        "text": "Instance members",
      },
      Object {
        "level": 2,
        "slug": "lnglatboundslike",
        "text": "LngLatBoundsLike",
      },
      Object {
        "level": 3,
        "slug": "lnglatboundslike-example",
        "text": "Example",
      },
      Object {
        "level": 2,
        "slug": "pointlike",
        "text": "PointLike",
      },
      Object {
        "level": 3,
        "slug": "pointlike-example",
        "text": "Example",
      },
      Object {
        "level": 2,
        "slug": "mercatorcoordinate",
        "text": "MercatorCoordinate",
      },
      Object {
        "level": 3,
        "slug": "mercatorcoordinate-parameters",
        "text": "Parameters",
      },
      Object {
        "level": 3,
        "slug": "mercatorcoordinate-example",
        "text": "Example",
      },
      Object {
        "level": 3,
        "slug": "mercatorcoordinate-static-members",
        "text": "Static members",
      },
      Object {
        "level": 3,
        "slug": "mercatorcoordinate-instance-members",
        "text": "Instance members",
      },
      Object {
        "level": 3,
        "slug": "mercatorcoordinate-related",
        "text": "Related",
      },
      Object {
        "level": 2,
        "slug": "edgeinsets",
        "text": "EdgeInsets",
      },
      Object {
        "level": 3,
        "slug": "edgeinsets-parameters",
        "text": "Parameters",
      },
      Object {
        "level": 3,
        "slug": "edgeinsets-static-members",
        "text": "Static members",
      },
    ],
    "title": "Geography and geometry",
  },
  Object {
    "path": "/maplibre-gl-js-docs/api/handlers/",
    "subnav": Array [
      Object {
        "level": 2,
        "slug": "boxzoomhandler",
        "text": "BoxZoomHandler",
      },
      Object {
        "level": 3,
        "slug": "boxzoomhandler-instance-members",
        "text": "Instance members",
      },
      Object {
        "level": 2,
        "slug": "scrollzoomhandler",
        "text": "ScrollZoomHandler",
      },
      Object {
        "level": 3,
        "slug": "scrollzoomhandler-instance-members",
        "text": "Instance members",
      },
      Object {
        "level": 2,
        "slug": "dragpanhandler",
        "text": "DragPanHandler",
      },
      Object {
        "level": 3,
        "slug": "dragpanhandler-instance-members",
        "text": "Instance members",
      },
      Object {
        "level": 2,
        "slug": "dragrotatehandler",
        "text": "DragRotateHandler",
      },
      Object {
        "level": 3,
        "slug": "dragrotatehandler-instance-members",
        "text": "Instance members",
      },
      Object {
        "level": 2,
        "slug": "keyboardhandler",
        "text": "KeyboardHandler",
      },
      Object {
        "level": 3,
        "slug": "keyboardhandler-instance-members",
        "text": "Instance members",
      },
      Object {
        "level": 2,
        "slug": "doubleclickzoomhandler",
        "text": "DoubleClickZoomHandler",
      },
      Object {
        "level": 3,
        "slug": "doubleclickzoomhandler-instance-members",
        "text": "Instance members",
      },
      Object {
        "level": 2,
        "slug": "touchzoomrotatehandler",
        "text": "TouchZoomRotateHandler",
      },
      Object {
        "level": 3,
        "slug": "touchzoomrotatehandler-instance-members",
        "text": "Instance members",
      },
      Object {
        "level": 2,
        "slug": "touchpitchhandler",
        "text": "TouchPitchHandler",
      },
      Object {
        "level": 3,
        "slug": "touchpitchhandler-parameters",
        "text": "Parameters",
      },
      Object {
        "level": 3,
        "slug": "touchpitchhandler-instance-members",
        "text": "Instance members",
      },
    ],
    "title": "User interaction handlers",
  },
  Object {
    "path": "/maplibre-gl-js-docs/api/sources/",
    "subnav": Array [
      Object {
        "level": 2,
        "slug": "geojsonsource",
        "text": "GeoJSONSource",
      },
      Object {
        "level": 3,
        "slug": "geojsonsource-example",
        "text": "Example",
      },
      Object {
        "level": 3,
        "slug": "geojsonsource-instance-members",
        "text": "Instance members",
      },
      Object {
        "level": 3,
        "slug": "geojsonsource-related",
        "text": "Related",
      },
      Object {
        "level": 2,
        "slug": "videosource",
        "text": "VideoSource",
      },
      Object {
        "level": 3,
        "slug": "videosource-example",
        "text": "Example",
      },
      Object {
        "level": 3,
        "slug": "videosource-instance-members",
        "text": "Instance members",
      },
      Object {
        "level": 3,
        "slug": "videosource-related",
        "text": "Related",
      },
      Object {
        "level": 2,
        "slug": "imagesource",
        "text": "ImageSource",
      },
      Object {
        "level": 3,
        "slug": "imagesource-example",
        "text": "Example",
      },
      Object {
        "level": 3,
        "slug": "imagesource-instance-members",
        "text": "Instance members",
      },
      Object {
        "level": 2,
        "slug": "canvassource",
        "text": "CanvasSource",
      },
      Object {
        "level": 3,
        "slug": "canvassource-example",
        "text": "Example",
      },
      Object {
        "level": 3,
        "slug": "canvassource-instance-members",
        "text": "Instance members",
      },
      Object {
        "level": 2,
        "slug": "canvassourceoptions",
        "text": "CanvasSourceOptions",
      },
      Object {
        "level": 3,
        "path": "canvassourceoptions-properties",
        "text": "Properties",
      },
    ],
    "title": "Sources",
  },
  Object {
    "path": "/maplibre-gl-js-docs/api/events/",
    "subnav": Array [
      Object {
        "level": 2,
        "slug": "evented",
        "text": "Evented",
      },
      Object {
        "level": 3,
        "slug": "evented-instance-members",
        "text": "Instance members",
      },
      Object {
        "level": 2,
        "slug": "mapmouseevent",
        "text": "MapMouseEvent",
      },
      Object {
        "level": 3,
        "slug": "mapmouseevent-example",
        "text": "Example",
      },
      Object {
        "level": 3,
        "slug": "mapmouseevent-instance-members",
        "text": "Instance members",
      },
      Object {
        "level": 2,
        "slug": "maptouchevent",
        "text": "MapTouchEvent",
      },
      Object {
        "level": 3,
        "slug": "maptouchevent-instance-members",
        "text": "Instance members",
      },
      Object {
        "level": 2,
        "slug": "maplibrezoomevent",
        "text": "MapLibreZoomEvent",
      },
      Object {
        "level": 3,
        "path": "maplibrezoomevent-properties",
        "text": "Properties",
      },
      Object {
        "level": 2,
        "slug": "mapdataevent",
        "text": "MapDataEvent",
      },
      Object {
        "level": 3,
        "path": "mapdataevent-properties",
        "text": "Properties",
      },
      Object {
        "level": 3,
        "slug": "mapdataevent-example",
        "text": "Example",
      },
      Object {
        "level": 2,
        "slug": "mapwheelevent",
        "text": "MapWheelEvent",
      },
      Object {
        "level": 3,
        "slug": "mapwheelevent-instance-members",
        "text": "Instance members",
      },
    ],
    "title": "Events",
  },
]
`;
